2026.10.01 09:05:14 INFO  Started: Metals version 1.6.9 in folders '/Users/romain/Documents/FAC/M2/S1/Contrats_tests_et_assurance_qualite/TD2/minibuild' for client Visual Studio Code 1.108.2.[0m
2026.10.01 09:05:14 INFO  Memory monitor started[0m
2026.10.01 09:05:14 WARN  Using H2 2.5.250 which is newer than the version Flyway has been verified with. The latest verified version of H2 is 2.3.232.[0m
2026.10.01 09:05:15 INFO  no build target found for /Users/romain/Documents/FAC/M2/S1/Contrats_tests_et_assurance_qualite/TD2/minibuild/app/src/test/java/org/example/GavTest.java. Using fallback presentation compiler.[0m
2026.10.01 09:05:15 INFO  no build target found for /Users/romain/Documents/FAC/M2/S1/Contrats_tests_et_assurance_qualite/TD2/minibuild/app/src/test/java/org/example/GavTest.java. Using fallback presentation compiler.[0m
2026.10.01 09:05:19 WARN  no build target for: /Users/romain/Documents/FAC/M2/S1/Contrats_tests_et_assurance_qualite/TD2/minibuild/app/src/test/java/org/example/GavTest.java[0m
2026.10.01 09:05:19 WARN  no build target for: /Users/romain/Documents/FAC/M2/S1/Contrats_tests_et_assurance_qualite/TD2/minibuild/app/src/main/java/org/example/Gav.java[0m
2026.10.01 09:05:20 WARN  no build target for: /Users/romain/Documents/FAC/M2/S1/Contrats_tests_et_assurance_qualite/TD2/minibuild/app/src/test/java/org/example/GavTest.java[0m
2026.10.01 09:05:20 INFO  no build target found for /Users/romain/Documents/FAC/M2/S1/Contrats_tests_et_assurance_qualite/TD2/minibuild/app/src/test/java/org/example/GavTest.java. Using fallback presentation compiler.[0m
2026.10.01 09:05:20 INFO  no build target found for /Users/romain/Documents/FAC/M2/S1/Contrats_tests_et_assurance_qualite/TD2/minibuild/app/src/test/java/org/example/GavTest.java. Using fallback presentation compiler.[0m
2026.10.01 09:05:21 INFO  no build target found for /Users/romain/Documents/FAC/M2/S1/Contrats_tests_et_assurance_qualite/TD2/minibuild/app/src/test/java/org/example/GavTest.java. Using fallback presentation compiler.[0m
oct. 01, 2026 9:05:21 AM org.eclipse.lsp4j.jsonrpc.RemoteEndpoint handleCancellation
AVERTISSEMENT: Unmatched cancel notification for request id 9
2026.10.01 09:05:20 INFO  no build target found for /Users/romain/Documents/FAC/M2/S1/Contrats_tests_et_assurance_qualite/TD2/minibuild/app/src/test/java/org/example/GavTest.java. Using fallback presentation compiler.[0m
2026.10.01 09:06:08 INFO  no build target found for /Users/romain/Documents/FAC/M2/S1/Contrats_tests_et_assurance_qualite/TD2/minibuild/app/src/test/java/org/example/GavTest.java. Using fallback presentation compiler.[0m
2026.10.01 09:06:12 INFO  no build target found for /Users/romain/Documents/FAC/M2/S1/Contrats_tests_et_assurance_qualite/TD2/minibuild/app/src/test/java/org/example/GavTest.java. Using fallback presentation compiler.[0m
2026.10.01 09:06:15 INFO  no build target found for /Users/romain/Documents/FAC/M2/S1/Contrats_tests_et_assurance_qualite/TD2/minibuild/app/src/test/java/org/example/GavTest.java. Using fallback presentation compiler.[0m
2026.10.01 09:06:37 INFO  no build target found for /Users/romain/Documents/FAC/M2/S1/Contrats_tests_et_assurance_qualite/TD2/minibuild/app/src/test/java/org/example/GavTest.java. Using fallback presentation compiler.[0m
2026.10.01 09:09:19 WARN  no build target for: /Users/romain/Documents/FAC/M2/S1/Contrats_tests_et_assurance_qualite/TD2/minibuild/app/src/test/java/org/example/GavTest.java[0m
2026.10.01 09:09:19 INFO  no build target found for /Users/romain/Documents/FAC/M2/S1/Contrats_tests_et_assurance_qualite/TD2/minibuild/app/src/test/java/org/example/GavTest.java. Using fallback presentation compiler.[0m
2026.10.01 09:09:19 INFO  no build target found for /Users/romain/Documents/FAC/M2/S1/Contrats_tests_et_assurance_qualite/TD2/minibuild/app/src/test/java/org/example/GavTest.java. Using fallback presentation compiler.[0m
2026.10.01 09:09:19 INFO  no build target found for /Users/romain/Documents/FAC/M2/S1/Contrats_tests_et_assurance_qualite/TD2/minibuild/app/src/test/java/org/example/GavTest.java. Using fallback presentation compiler.[0m
2026.10.01 09:09:47 WARN  no build target for: /Users/romain/Documents/FAC/M2/S1/Contrats_tests_et_assurance_qualite/TD2/minibuild/app/src/main/java/org/example/Gav.java[0m
2026.10.01 09:09:47 INFO  no build target found for /Users/romain/Documents/FAC/M2/S1/Contrats_tests_et_assurance_qualite/TD2/minibuild/app/src/main/java/org/example/Gav.java. Using fallback presentation compiler.[0m
2026.10.01 09:09:47 INFO  no build target found for /Users/romain/Documents/FAC/M2/S1/Contrats_tests_et_assurance_qualite/TD2/minibuild/app/src/main/java/org/example/Gav.java. Using fallback presentation compiler.[0m
2026.10.01 09:09:48 INFO  no build target found for /Users/romain/Documents/FAC/M2/S1/Contrats_tests_et_assurance_qualite/TD2/minibuild/app/src/main/java/org/example/Gav.java. Using fallback presentation compiler.[0m
2026.10.01 09:09:52 WARN  no build target for: /Users/romain/Documents/FAC/M2/S1/Contrats_tests_et_assurance_qualite/TD2/minibuild/app/src/test/java/org/example/GavTest.java[0m
2026.10.01 09:09:52 INFO  no build target found for /Users/romain/Documents/FAC/M2/S1/Contrats_tests_et_assurance_qualite/TD2/minibuild/app/src/test/java/org/example/GavTest.java. Using fallback presentation compiler.[0m
2026.10.01 09:09:52 INFO  no build target found for /Users/romain/Documents/FAC/M2/S1/Contrats_tests_et_assurance_qualite/TD2/minibuild/app/src/test/java/org/example/GavTest.java. Using fallback presentation compiler.[0m
2026.10.01 09:09:53 INFO  no build target found for /Users/romain/Documents/FAC/M2/S1/Contrats_tests_et_assurance_qualite/TD2/minibuild/app/src/test/java/org/example/GavTest.java. Using fallback presentation compiler.[0m
2026.10.01 09:09:55 INFO  no build target found for /Users/romain/Documents/FAC/M2/S1/Contrats_tests_et_assurance_qualite/TD2/minibuild/app/src/test/java/org/example/GavTest.java. Using fallback presentation compiler.[0m
2026.10.01 09:11:30 WARN  no build target for: /Users/romain/Documents/FAC/M2/S1/Contrats_tests_et_assurance_qualite/TD2/minibuild/app/src/main/java/org/example/Gav.java[0m
2026.10.01 09:11:30 INFO  no build target found for /Users/romain/Documents/FAC/M2/S1/Contrats_tests_et_assurance_qualite/TD2/minibuild/app/src/main/java/org/example/Gav.java. Using fallback presentation compiler.[0m
2026.10.01 09:11:30 INFO  no build target found for /Users/romain/Documents/FAC/M2/S1/Contrats_tests_et_assurance_qualite/TD2/minibuild/app/src/main/java/org/example/Gav.java. Using fallback presentation compiler.[0m
2026.10.01 09:11:31 INFO  no build target found for /Users/romain/Documents/FAC/M2/S1/Contrats_tests_et_assurance_qualite/TD2/minibuild/app/src/main/java/org/example/Gav.java. Using fallback presentation compiler.[0m
2026.10.01 09:11:30 INFO  no build target found for /Users/romain/Documents/FAC/M2/S1/Contrats_tests_et_assurance_qualite/TD2/minibuild/app/src/main/java/org/example/Gav.java. Using fallback presentation compiler.[0m
2026.10.01 09:11:32 INFO  no build target found for /Users/romain/Documents/FAC/M2/S1/Contrats_tests_et_assurance_qualite/TD2/minibuild/app/src/main/java/org/example/Gav.java. Using fallback presentation compiler.[0m
2026.10.01 09:11:52 WARN  no build target for: /Users/romain/Documents/FAC/M2/S1/Contrats_tests_et_assurance_qualite/TD2/minibuild/app/src/test/java/org/example/GavTest.java[0m
2026.10.01 09:11:52 INFO  no build target found for /Users/romain/Documents/FAC/M2/S1/Contrats_tests_et_assurance_qualite/TD2/minibuild/app/src/test/java/org/example/GavTest.java. Using fallback presentation compiler.[0m
2026.10.01 09:11:52 INFO  no build target found for /Users/romain/Documents/FAC/M2/S1/Contrats_tests_et_assurance_qualite/TD2/minibuild/app/src/test/java/org/example/GavTest.java. Using fallback presentation compiler.[0m
2026.10.01 09:11:52 INFO  no build target found for /Users/romain/Documents/FAC/M2/S1/Contrats_tests_et_assurance_qualite/TD2/minibuild/app/src/test/java/org/example/GavTest.java. Using fallback presentation compiler.[0m
2026.10.01 09:11:53 INFO  no build target found for /Users/romain/Documents/FAC/M2/S1/Contrats_tests_et_assurance_qualite/TD2/minibuild/app/src/test/java/org/example/GavTest.java. Using fallback presentation compiler.[0m
2026.10.01 09:14:57 WARN  no build target for: /Users/romain/Documents/FAC/M2/S1/Contrats_tests_et_assurance_qualite/TD2/minibuild/app/src/main/java/org/example/Gav.java[0m
2026.10.01 09:14:57 INFO  no build target found for /Users/romain/Documents/FAC/M2/S1/Contrats_tests_et_assurance_qualite/TD2/minibuild/app/src/main/java/org/example/Gav.java. Using fallback presentation compiler.[0m
2026.10.01 09:14:57 INFO  no build target found for /Users/romain/Documents/FAC/M2/S1/Contrats_tests_et_assurance_qualite/TD2/minibuild/app/src/main/java/org/example/Gav.java. Using fallback presentation compiler.[0m
2026.10.01 09:14:57 INFO  no build target found for /Users/romain/Documents/FAC/M2/S1/Contrats_tests_et_assurance_qualite/TD2/minibuild/app/src/main/java/org/example/Gav.java. Using fallback presentation compiler.[0m
2026.10.01 09:14:58 INFO  no build target found for /Users/romain/Documents/FAC/M2/S1/Contrats_tests_et_assurance_qualite/TD2/minibuild/app/src/main/java/org/example/Gav.java. Using fallback presentation compiler.[0m
2026.10.01 09:37:00 WARN  no build target for: /Users/romain/Documents/FAC/M2/S1/Contrats_tests_et_assurance_qualite/TD2/minibuild/app/src/test/java/org/example/GavTest.java[0m
2026.10.01 09:37:00 INFO  no build target found for /Users/romain/Documents/FAC/M2/S1/Contrats_tests_et_assurance_qualite/TD2/minibuild/app/src/test/java/org/example/GavTest.java. Using fallback presentation compiler.[0m
oct. 01, 2026 9:37:00 AM org.eclipse.lsp4j.jsonrpc.RemoteEndpoint handleCancellation
AVERTISSEMENT: Unmatched cancel notification for request id 78
2026.10.01 09:37:00 INFO  no build target found for /Users/romain/Documents/FAC/M2/S1/Contrats_tests_et_assurance_qualite/TD2/minibuild/app/src/test/java/org/example/GavTest.java. Using fallback presentation compiler.[0m
2026.10.01 09:37:18 INFO  no build target found for /Users/romain/Documents/FAC/M2/S1/Contrats_tests_et_assurance_qualite/TD2/minibuild/app/src/test/java/org/example/GavTest.java. Using fallback presentation compiler.[0m
2026.10.01 09:37:18 INFO  no build target found for /Users/romain/Documents/FAC/M2/S1/Contrats_tests_et_assurance_qualite/TD2/minibuild/app/src/test/java/org/example/GavTest.java. Using fallback presentation compiler.[0m
2026.10.01 09:37:18 INFO  no build target found for /Users/romain/Documents/FAC/M2/S1/Contrats_tests_et_assurance_qualite/TD2/minibuild/app/src/test/java/org/example/GavTest.java. Using fallback presentation compiler.[0m
2026.10.01 09:37:19 INFO  no build target found for /Users/romain/Documents/FAC/M2/S1/Contrats_tests_et_assurance_qualite/TD2/minibuild/app/src/test/java/org/example/GavTest.java. Using fallback presentation compiler.[0m
2026.10.01 09:37:19 INFO  no build target found for /Users/romain/Documents/FAC/M2/S1/Contrats_tests_et_assurance_qualite/TD2/minibuild/app/src/test/java/org/example/GavTest.java. Using fallback presentation compiler.[0m
2026.10.01 09:37:31 INFO  no build target found for /Users/romain/Documents/FAC/M2/S1/Contrats_tests_et_assurance_qualite/TD2/minibuild/app/src/test/java/org/example/GavTest.java. Using fallback presentation compiler.[0m
2026.10.01 09:37:31 INFO  no build target found for /Users/romain/Documents/FAC/M2/S1/Contrats_tests_et_assurance_qualite/TD2/minibuild/app/src/test/java/org/example/GavTest.java. Using fallback presentation compiler.[0m
2026.10.01 09:37:33 INFO  no build target found for /Users/romain/Documents/FAC/M2/S1/Contrats_tests_et_assurance_qualite/TD2/minibuild/app/src/test/java/org/example/GavTest.java. Using fallback presentation compiler.[0m
2026.10.01 09:37:33 INFO  no build target found for /Users/romain/Documents/FAC/M2/S1/Contrats_tests_et_assurance_qualite/TD2/minibuild/app/src/test/java/org/example/GavTest.java. Using fallback presentation compiler.[0m
2026.10.01 09:37:33 INFO  no build target found for /Users/romain/Documents/FAC/M2/S1/Contrats_tests_et_assurance_qualite/TD2/minibuild/app/src/test/java/org/example/GavTest.java. Using fallback presentation compiler.[0m
2026.10.01 09:37:33 INFO  no build target found for /Users/romain/Documents/FAC/M2/S1/Contrats_tests_et_assurance_qualite/TD2/minibuild/app/src/test/java/org/example/GavTest.java. Using fallback presentation compiler.[0m
2026.10.01 09:37:34 INFO  no build target found for /Users/romain/Documents/FAC/M2/S1/Contrats_tests_et_assurance_qualite/TD2/minibuild/app/src/test/java/org/example/GavTest.java. Using fallback presentation compiler.[0m
2026.10.01 09:37:34 INFO  no build target found for /Users/romain/Documents/FAC/M2/S1/Contrats_tests_et_assurance_qualite/TD2/minibuild/app/src/test/java/org/example/GavTest.java. Using fallback presentation compiler.[0m
2026.10.01 09:37:34 INFO  no build target found for /Users/romain/Documents/FAC/M2/S1/Contrats_tests_et_assurance_qualite/TD2/minibuild/app/src/test/java/org/example/GavTest.java. Using fallback presentation compiler.[0m
2026.10.01 09:37:34 INFO  no build target found for /Users/romain/Documents/FAC/M2/S1/Contrats_tests_et_assurance_qualite/TD2/minibuild/app/src/test/java/org/example/GavTest.java. Using fallback presentation compiler.[0m
2026.10.01 09:37:37 INFO  no build target found for /Users/romain/Documents/FAC/M2/S1/Contrats_tests_et_assurance_qualite/TD2/minibuild/app/src/test/java/org/example/GavTest.java. Using fallback presentation compiler.[0m
2026.10.01 09:37:37 INFO  no build target found for /Users/romain/Documents/FAC/M2/S1/Contrats_tests_et_assurance_qualite/TD2/minibuild/app/src/test/java/org/example/GavTest.java. Using fallback presentation compiler.[0m
2026.10.01 09:37:37 INFO  no build target found for /Users/romain/Documents/FAC/M2/S1/Contrats_tests_et_assurance_qualite/TD2/minibuild/app/src/test/java/org/example/GavTest.java. Using fallback presentation compiler.[0m
2026.10.01 09:37:37 INFO  no build target found for /Users/romain/Documents/FAC/M2/S1/Contrats_tests_et_assurance_qualite/TD2/minibuild/app/src/test/java/org/example/GavTest.java. Using fallback presentation compiler.[0m
2026.10.01 09:37:37 INFO  no build target found for /Users/romain/Documents/FAC/M2/S1/Contrats_tests_et_assurance_qualite/TD2/minibuild/app/src/test/java/org/example/GavTest.java. Using fallback presentation compiler.[0m
2026.10.01 09:37:38 INFO  no build target found for /Users/romain/Documents/FAC/M2/S1/Contrats_tests_et_assurance_qualite/TD2/minibuild/app/src/test/java/org/example/GavTest.java. Using fallback presentation compiler.[0m
2026.10.01 09:37:38 INFO  no build target found for /Users/romain/Documents/FAC/M2/S1/Contrats_tests_et_assurance_qualite/TD2/minibuild/app/src/test/java/org/example/GavTest.java. Using fallback presentation compiler.[0m
2026.10.01 09:37:38 INFO  no build target found for /Users/romain/Documents/FAC/M2/S1/Contrats_tests_et_assurance_qualite/TD2/minibuild/app/src/test/java/org/example/GavTest.java. Using fallback presentation compiler.[0m
2026.10.01 09:37:39 INFO  no build target found for /Users/romain/Documents/FAC/M2/S1/Contrats_tests_et_assurance_qualite/TD2/minibuild/app/src/test/java/org/example/GavTest.java. Using fallback presentation compiler.[0m
2026.10.01 09:37:39 INFO  no build target found for /Users/romain/Documents/FAC/M2/S1/Contrats_tests_et_assurance_qualite/TD2/minibuild/app/src/test/java/org/example/GavTest.java. Using fallback presentation compiler.[0m
2026.10.01 09:37:40 INFO  no build target found for /Users/romain/Documents/FAC/M2/S1/Contrats_tests_et_assurance_qualite/TD2/minibuild/app/src/test/java/org/example/GavTest.java. Using fallback presentation compiler.[0m
2026.10.01 09:37:39 INFO  no build target found for /Users/romain/Documents/FAC/M2/S1/Contrats_tests_et_assurance_qualite/TD2/minibuild/app/src/test/java/org/example/GavTest.java. Using fallback presentation compiler.[0m
2026.10.01 09:37:39 INFO  no build target found for /Users/romain/Documents/FAC/M2/S1/Contrats_tests_et_assurance_qualite/TD2/minibuild/app/src/test/java/org/example/GavTest.java. Using fallback presentation compiler.[0m
2026.10.01 09:37:41 INFO  no build target found for /Users/romain/Documents/FAC/M2/S1/Contrats_tests_et_assurance_qualite/TD2/minibuild/app/src/test/java/org/example/GavTest.java. Using fallback presentation compiler.[0m
2026.10.01 09:37:41 INFO  no build target found for /Users/romain/Documents/FAC/M2/S1/Contrats_tests_et_assurance_qualite/TD2/minibuild/app/src/test/java/org/example/GavTest.java. Using fallback presentation compiler.[0m
2026.10.01 09:37:41 INFO  no build target found for /Users/romain/Documents/FAC/M2/S1/Contrats_tests_et_assurance_qualite/TD2/minibuild/app/src/test/java/org/example/GavTest.java. Using fallback presentation compiler.[0m
2026.10.01 09:37:41 INFO  no build target found for /Users/romain/Documents/FAC/M2/S1/Contrats_tests_et_assurance_qualite/TD2/minibuild/app/src/test/java/org/example/GavTest.java. Using fallback presentation compiler.[0m
2026.10.01 09:37:42 INFO  no build target found for /Users/romain/Documents/FAC/M2/S1/Contrats_tests_et_assurance_qualite/TD2/minibuild/app/src/test/java/org/example/GavTest.java. Using fallback presentation compiler.[0m
2026.10.01 09:37:43 INFO  no build target found for /Users/romain/Documents/FAC/M2/S1/Contrats_tests_et_assurance_qualite/TD2/minibuild/app/src/test/java/org/example/GavTest.java. Using fallback presentation compiler.[0m
oct. 01, 2026 9:37:43 AM org.eclipse.lsp4j.jsonrpc.RemoteEndpoint handleCancellation
AVERTISSEMENT: Unmatched cancel notification for request id 163
2026.10.01 09:37:43 INFO  no build target found for /Users/romain/Documents/FAC/M2/S1/Contrats_tests_et_assurance_qualite/TD2/minibuild/app/src/test/java/org/example/GavTest.java. Using fallback presentation compiler.[0m
2026.10.01 09:37:43 INFO  no build target found for /Users/romain/Documents/FAC/M2/S1/Contrats_tests_et_assurance_qualite/TD2/minibuild/app/src/test/java/org/example/GavTest.java. Using fallback presentation compiler.[0m
oct. 01, 2026 9:37:43 AM org.eclipse.lsp4j.jsonrpc.RemoteEndpoint handleCancellation
AVERTISSEMENT: Unmatched cancel notification for request id 165
2026.10.01 09:37:43 INFO  no build target found for /Users/romain/Documents/FAC/M2/S1/Contrats_tests_et_assurance_qualite/TD2/minibuild/app/src/test/java/org/example/GavTest.java. Using fallback presentation compiler.[0m
2026.10.01 09:37:43 INFO  no build target found for /Users/romain/Documents/FAC/M2/S1/Contrats_tests_et_assurance_qualite/TD2/minibuild/app/src/test/java/org/example/GavTest.java. Using fallback presentation compiler.[0m
oct. 01, 2026 9:37:43 AM org.eclipse.lsp4j.jsonrpc.RemoteEndpoint handleCancellation
AVERTISSEMENT: Unmatched cancel notification for request id 171
2026.10.01 09:37:43 INFO  no build target found for /Users/romain/Documents/FAC/M2/S1/Contrats_tests_et_assurance_qualite/TD2/minibuild/app/src/test/java/org/example/GavTest.java. Using fallback presentation compiler.[0m
2026.10.01 09:37:43 INFO  no build target found for /Users/romain/Documents/FAC/M2/S1/Contrats_tests_et_assurance_qualite/TD2/minibuild/app/src/test/java/org/example/GavTest.java. Using fallback presentation compiler.[0m
2026.10.01 09:37:44 INFO  no build target found for /Users/romain/Documents/FAC/M2/S1/Contrats_tests_et_assurance_qualite/TD2/minibuild/app/src/test/java/org/example/GavTest.java. Using fallback presentation compiler.[0m
2026.10.01 09:37:44 INFO  no build target found for /Users/romain/Documents/FAC/M2/S1/Contrats_tests_et_assurance_qualite/TD2/minibuild/app/src/test/java/org/example/GavTest.java. Using fallback presentation compiler.[0m
2026.10.01 09:37:44 INFO  no build target found for /Users/romain/Documents/FAC/M2/S1/Contrats_tests_et_assurance_qualite/TD2/minibuild/app/src/test/java/org/example/GavTest.java. Using fallback presentation compiler.[0m
2026.10.01 09:37:46 INFO  no build target found for /Users/romain/Documents/FAC/M2/S1/Contrats_tests_et_assurance_qualite/TD2/minibuild/app/src/test/java/org/example/GavTest.java. Using fallback presentation compiler.[0m
2026.10.01 09:37:46 INFO  no build target found for /Users/romain/Documents/FAC/M2/S1/Contrats_tests_et_assurance_qualite/TD2/minibuild/app/src/test/java/org/example/GavTest.java. Using fallback presentation compiler.[0m
2026.10.01 09:37:46 WARN  no build target for: /Users/romain/Documents/FAC/M2/S1/Contrats_tests_et_assurance_qualite/TD2/minibuild/app/src/test/java/org/example/GavTest.java[0m
2026.10.01 09:37:46 INFO  no build target found for /Users/romain/Documents/FAC/M2/S1/Contrats_tests_et_assurance_qualite/TD2/minibuild/app/src/test/java/org/example/GavTest.java. Using fallback presentation compiler.[0m
2026.10.01 09:37:55 INFO  no build target found for /Users/romain/Documents/FAC/M2/S1/Contrats_tests_et_assurance_qualite/TD2/minibuild/app/src/test/java/org/example/GavTest.java. Using fallback presentation compiler.[0m
oct. 01, 2026 9:37:55 AM org.eclipse.lsp4j.jsonrpc.RemoteEndpoint handleCancellation
AVERTISSEMENT: Unmatched cancel notification for request id 191
2026.10.01 09:38:41 INFO  no build target found for /Users/romain/Documents/FAC/M2/S1/Contrats_tests_et_assurance_qualite/TD2/minibuild/app/src/test/java/org/example/GavTest.java. Using fallback presentation compiler.[0m
2026.10.01 09:38:41 INFO  no build target found for /Users/romain/Documents/FAC/M2/S1/Contrats_tests_et_assurance_qualite/TD2/minibuild/app/src/main/java/org/example/Gav.java. Using fallback presentation compiler.[0m
2026.10.01 09:38:42 WARN  no build target for: /Users/romain/Documents/FAC/M2/S1/Contrats_tests_et_assurance_qualite/TD2/minibuild/app/src/main/java/org/example/Gav.java[0m
2026.10.01 09:38:42 INFO  no build target found for /Users/romain/Documents/FAC/M2/S1/Contrats_tests_et_assurance_qualite/TD2/minibuild/app/src/main/java/org/example/Gav.java. Using fallback presentation compiler.[0m
2026.10.01 09:38:41 INFO  no build target found for /Users/romain/Documents/FAC/M2/S1/Contrats_tests_et_assurance_qualite/TD2/minibuild/app/src/main/java/org/example/Gav.java. Using fallback presentation compiler.[0m
2026.10.01 09:38:45 INFO  no build target found for /Users/romain/Documents/FAC/M2/S1/Contrats_tests_et_assurance_qualite/TD2/minibuild/app/src/main/java/org/example/Gav.java. Using fallback presentation compiler.[0m
2026.10.01 09:38:58 INFO  no build target found for /Users/romain/Documents/FAC/M2/S1/Contrats_tests_et_assurance_qualite/TD2/minibuild/app/src/main/java/org/example/Gav.java. Using fallback presentation compiler.[0m
2026.10.01 09:39:00 INFO  no build target found for /Users/romain/Documents/FAC/M2/S1/Contrats_tests_et_assurance_qualite/TD2/minibuild/app/src/main/java/org/example/Gav.java. Using fallback presentation compiler.[0m
2026.10.01 09:39:00 INFO  no build target found for /Users/romain/Documents/FAC/M2/S1/Contrats_tests_et_assurance_qualite/TD2/minibuild/app/src/test/java/org/example/GavTest.java. Using fallback presentation compiler.[0m
2026.10.01 09:39:00 WARN  no build target for: /Users/romain/Documents/FAC/M2/S1/Contrats_tests_et_assurance_qualite/TD2/minibuild/app/src/test/java/org/example/GavTest.java[0m
2026.10.01 09:39:00 INFO  no build target found for /Users/romain/Documents/FAC/M2/S1/Contrats_tests_et_assurance_qualite/TD2/minibuild/app/src/test/java/org/example/GavTest.java. Using fallback presentation compiler.[0m
2026.10.01 09:39:00 INFO  no build target found for /Users/romain/Documents/FAC/M2/S1/Contrats_tests_et_assurance_qualite/TD2/minibuild/app/src/test/java/org/example/GavTest.java. Using fallback presentation compiler.[0m
2026.10.01 09:39:00 INFO  no build target found for /Users/romain/Documents/FAC/M2/S1/Contrats_tests_et_assurance_qualite/TD2/minibuild/app/src/test/java/org/example/GavTest.java. Using fallback presentation compiler.[0m
2026.10.01 09:40:08 INFO  no build target found for /Users/romain/Documents/FAC/M2/S1/Contrats_tests_et_assurance_qualite/TD2/minibuild/app/src/test/java/org/example/GavTest.java. Using fallback presentation compiler.[0m
2026.10.01 09:40:10 WARN  no build target for: /Users/romain/Documents/FAC/M2/S1/Contrats_tests_et_assurance_qualite/TD2/minibuild/app/src/main/java/org/example/Gav.java[0m
2026.10.01 09:40:10 INFO  no build target found for /Users/romain/Documents/FAC/M2/S1/Contrats_tests_et_assurance_qualite/TD2/minibuild/app/src/main/java/org/example/Gav.java. Using fallback presentation compiler.[0m
2026.10.01 09:40:10 INFO  no build target found for /Users/romain/Documents/FAC/M2/S1/Contrats_tests_et_assurance_qualite/TD2/minibuild/app/src/main/java/org/example/Gav.java. Using fallback presentation compiler.[0m
2026.10.01 09:40:10 INFO  no build target found for /Users/romain/Documents/FAC/M2/S1/Contrats_tests_et_assurance_qualite/TD2/minibuild/app/src/main/java/org/example/Gav.java. Using fallback presentation compiler.[0m
2026.10.01 09:40:12 INFO  no build target found for /Users/romain/Documents/FAC/M2/S1/Contrats_tests_et_assurance_qualite/TD2/minibuild/app/src/main/java/org/example/Gav.java. Using fallback presentation compiler.[0m
2026.10.01 09:40:44 INFO  no build target found for /Users/romain/Documents/FAC/M2/S1/Contrats_tests_et_assurance_qualite/TD2/minibuild/app/src/main/java/org/example/Gav.java. Using fallback presentation compiler.[0m
2026.10.01 09:40:44 INFO  no build target found for /Users/romain/Documents/FAC/M2/S1/Contrats_tests_et_assurance_qualite/TD2/minibuild/app/src/main/java/org/example/Gav.java. Using fallback presentation compiler.[0m
2026.10.01 09:40:45 INFO  no build target found for /Users/romain/Documents/FAC/M2/S1/Contrats_tests_et_assurance_qualite/TD2/minibuild/app/src/main/java/org/example/Gav.java. Using fallback presentation compiler.[0m
2026.10.01 09:40:46 INFO  no build target found for /Users/romain/Documents/FAC/M2/S1/Contrats_tests_et_assurance_qualite/TD2/minibuild/app/src/main/java/org/example/Gav.java. Using fallback presentation compiler.[0m
2026.10.01 09:40:46 WARN  no build target for: /Users/romain/Documents/FAC/M2/S1/Contrats_tests_et_assurance_qualite/TD2/minibuild/app/src/main/java/org/example/Gav.java[0m
2026.10.01 09:40:46 INFO  no build target found for /Users/romain/Documents/FAC/M2/S1/Contrats_tests_et_assurance_qualite/TD2/minibuild/app/src/main/java/org/example/Gav.java. Using fallback presentation compiler.[0m
